// Jest Snapshot v1, https://goo.gl/fbAQLP

exports[`Header renders 1`] = `
<header
  className="header"
>
  <button
    className="toggle"
    onClick={[Function]}
  >
    <svg
      fill="currentColor"
      height="1em"
      stroke="currentColor"
      strokeWidth="0"
      style={
        Object {
          "color": undefined,
        }
      }
      viewBox="0 0 16 16"
      width="1em"
      xmlns="http://www.w3.org/2000/svg"
    >
      <path
        d="M6 .278a.768.768 0 0 1 .08.858 7.208 7.208 0 0 0-.878 3.46c0 4.021 3.278 7.277 7.318 7.277.527 0 1.04-.055 1.533-.16a.787.787 0 0 1 .81.316.733.733 0 0 1-.031.893A8.349 8.349 0 0 1 8.344 16C3.734 16 0 12.286 0 7.71 0 4.266 2.114 1.312 5.124.06A.752.752 0 0 1 6 .278z"
      />
    </svg>
  </button>
  <ul
    className="filters"
  >
    <li>
      <button
        className="filter selected"
        onClick={[Function]}
      >
        all
      </button>
    </li>
    <li>
      <button
        className="filter false"
        onClick={[Function]}
      >
        active
      </button>
    </li>
    <li>
      <button
        className="filter false"
        onClick={[Function]}
      >
        completed
      </button>
    </li>
  </ul>
</header>
`;
